
> api_petcare@0.1.0 build
> next build

   Ôû▓ Next.js 15.5.12
   - Environments: .env.local

   Creating an optimized production build ...
 Ô£ô Compiled successfully in 2.2s
   Skipping linting
   Checking validity of types ...
node.exe : Failed to 
compile.
En línea: 1 Carácter: 1
+ & "C:\Program 
Files\nodejs/node.exe" 
"C:\Program 
Files\nodejs/node_mo 
...
+ ~~~~~~~~~~~~~~~~~~~~~
~~~~~~~~~~~~~~~~~~~~~~~
~~~~~~~~~~~~~~~~~~~~~~~
~~
    + CategoryInfo     
         : NotSpecifi  
  ed: (Failed to com   
 pile.:String) [],     
RemoteException
    + FullyQualifiedEr 
   rorId : NativeComm  
  andError
 

./app/api/api/get-dht-h
istory.ts:2:20
Type error: Cannot 
find module 
'../../lib/firebase' 
or its corresponding 
type declarations.

[0m [90m 1 |[39m 
[36mimport[39m { [33
mNextApiRequest[39m[3
3m,[39m [33mNextApiRe
sponse[39m } 
[36mfrom[39m [32m'ne
xt'[39m[33m;[39m
[31m[1m>[22m[39m[9
0m 2 |[39m 
[36mimport[39m { db 
} [36mfrom[39m [32m'
../../lib/firebase'[39
m[33m;[39m
 [90m   |[39m        
            
[31m[1m^[22m[39m
 [90m 3 |[39m
 [90m 4 |[39m 
[36mexport[39m 
[36mdefault[39m 
[36masync[39m 
[36mfunction[39m 
handler(req[33m:[39m 
[33mNextApiRequest[39
m[33m,[39m 
res[33m:[39m [33mNex
tApiResponse[39m) {
 [90m 5 |[39m   res[
33m.[39msetHeader([32
m'Cache-Control'[39m[
33m,[39m 
[32m'no-store, 
no-cache, 
must-revalidate, proxy-
revalidate'[39m)[33m;
[39m[0m
Next.js build worker 
exited with code: 1 
and signal: null
